d:\c++-projects\gl_basic\gl_basic\x64\debug\vc143.pdb
d:\c++-projects\gl_basic\gl_basic\x64\debug\vc143.idb
d:\c++-projects\gl_basic\gl_basic\x64\debug\glad.obj
d:\c++-projects\gl_basic\gl_basic\x64\debug\main.obj
d:\c++-projects\gl_basic\gl_basic\x64\debug\gl_basic.ilk
d:\c++-projects\gl_basic\x64\debug\gl_basic.pdb
d:\c++-projects\gl_basic\gl_basic\x64\debug\gl_basic.tlog\cl.command.1.tlog
d:\c++-projects\gl_basic\gl_basic\x64\debug\gl_basic.tlog\cl.items.tlog
d:\c++-projects\gl_basic\gl_basic\x64\debug\gl_basic.tlog\cl.read.1.tlog
d:\c++-projects\gl_basic\gl_basic\x64\debug\gl_basic.tlog\cl.write.1.tlog
d:\c++-projects\gl_basic\gl_basic\x64\debug\gl_basic.tlog\link-cvtres.read.1.tlog
d:\c++-projects\gl_basic\gl_basic\x64\debug\gl_basic.tlog\link-cvtres.write.1.tlog
d:\c++-projects\gl_basic\gl_basic\x64\debug\gl_basic.tlog\link-rc.read.1.tlog
d:\c++-projects\gl_basic\gl_basic\x64\debug\gl_basic.tlog\link-rc.write.1.tlog
d:\c++-projects\gl_basic\gl_basic\x64\debug\gl_basic.tlog\link.10736-cvtres.read.1.tlog
d:\c++-projects\gl_basic\gl_basic\x64\debug\gl_basic.tlog\link.10736-cvtres.write.1.tlog
d:\c++-projects\gl_basic\gl_basic\x64\debug\gl_basic.tlog\link.10736-rc.read.1.tlog
d:\c++-projects\gl_basic\gl_basic\x64\debug\gl_basic.tlog\link.10736-rc.write.1.tlog
d:\c++-projects\gl_basic\gl_basic\x64\debug\gl_basic.tlog\link.10736.read.1.tlog
d:\c++-projects\gl_basic\gl_basic\x64\debug\gl_basic.tlog\link.10736.read.2.tlog
d:\c++-projects\gl_basic\gl_basic\x64\debug\gl_basic.tlog\link.10736.write.1.tlog
d:\c++-projects\gl_basic\gl_basic\x64\debug\gl_basic.tlog\link.command.1.tlog
d:\c++-projects\gl_basic\gl_basic\x64\debug\gl_basic.tlog\link.read.1.tlog
d:\c++-projects\gl_basic\gl_basic\x64\debug\gl_basic.tlog\link.read.2.tlog
d:\c++-projects\gl_basic\gl_basic\x64\debug\gl_basic.tlog\link.secondary.1.tlog
d:\c++-projects\gl_basic\gl_basic\x64\debug\gl_basic.tlog\link.write.1.tlog
